# serializer version: 1
# name: test_render_default_view_snapshot
  '''
  <!DOCTYPE html>
  <html lang="en">
  <head>
    <meta charset="utf-8">
    <meta name="viewport" content="width=device-width, initial-scale=1.0">
    <meta http-equiv="cache-control" content="max-age=300">
    <title>Nanonets Landscape</title>
    <link rel="stylesheet" href="assets/styles.css">
  </head>
  <body>
  
  <header class="site-header">
    <div>
      <h1>Nanonets Landscape</h1>
      <p class="subtitle">Continuously-updated AI/ML intelligence for the document-AI stack.</p>
    </div>
    <nav class="site-nav" aria-label="Audience views">
      <a href="index.html" class="current">General</a>
      <a href="for-prathamesh.html" >Strategy</a>
      <a href="for-dl-team.html" >Research</a>
      <a href="about.html">About</a>
    </nav>
    <span class="built-at">Built May 21, 2026 · 12:00 UTC</span>
  </header>
  
  
  <section class="brief" aria-label="Today's brief">
    <h2>Patterns this build</h2>
    <ul>
      <li>Two doc-AI startups announced funding this week.</li>
    </ul>
  </section>
  
  <section class="axes" aria-label="Items by axis">
    <div class="axis-col">
      <h2>Document AI</h2>
        <p class="item-summary">No items this build.</p>
    </div>
    <div class="axis-col">
      <h2>Competitive</h2>
  <article class="item ">
    <div class="item-meta">
      <span class="item-score">65</span>
      <span class="item-source">hn</span>
    </div>
    <p class="item-title">
      <a href="https://reducto.ai/blog/series-b" target="_blank" rel="nofollow noopener noreferrer">Reducto closes $30M Series B</a>
    </p>
  </article>  </div>
    <div class="axis-col">
      <h2>Frontier</h2>
        <p class="item-summary">No items this build.</p>
    </div>
    <div class="axis-col">
      <h2>VLM research</h2>
  <article class="item ">
    <div class="item-meta">
      <span class="item-score">57</span>
      <span class="item-source">arxiv</span>
    </div>
    <p class="item-title">
      <a href="https://arxiv.org/abs/2511.05923" target="_blank" rel="nofollow noopener noreferrer">Component-resolved causal patching for VLMs</a>
    </p>
    <p class="item-summary">Method localizes which transformer components cause the behavior.</p>
    <div class="framing">
      <dl>
        <dt>Product</dt>
        <dd>Toolkit for diagnosing Nanonets-OCR2 hallucination modes.</dd>
        <dt>Research</dt>
        <dd>Applies directly to our phantom-row mitigation work.</dd>
        <dt>Action</dt>
        <dd>Reproduce the smallest experiment within 1 week.</dd>
      </dl>
    </div>
    <p class="secondary-axes">also: doc_ai</p>
  </article>  </div>
  </section>
  
  <aside class="ai-partner" aria-label="Questions from your AI partner">
    <h2>Questions for the team</h2>
    <p class="ai-partner-howto">
      Append answers in
      <a href="https://github.com/shehral/nn-landscape/blob/main/state/questions_for_team.md" target="_blank" rel="noopener">state/questions_for_team.md</a>
      (the agent reads it each build). For permanent rule changes, edit
      <a href="https://github.com/shehral/nn-landscape/blob/main/data/nanonets_context.md" target="_blank" rel="noopener">data/nanonets_context.md</a>.
    </p>
    <div class="question">
      <p class="question-text">Should we weight competitor funding rounds higher?</p>
      <p class="question-context">2 rounds this week, none last week.</p>
      <p class="question-reply"><a href="https://github.com/shehral/nn-landscape/edit/main/state/questions_for_team.md" target="_blank" rel="noopener">Reply on GitHub →</a></p>
    </div>
  </aside>
  
  <footer class="site-footer">
    <p class="disclaimer">
      Auto-generated by Claude Code agents on a 6-hour cron. Editorial framing
      is not staff-reviewed and does not represent a Nanonets-corporate
      statement.
    </p>
    <p class="provenance">
      sources covered: arxiv, hn, rss, github_trending · built at 2026-05-21T12:00:00+00:00
      · <a href="about.html">about</a>
    </p>
  </footer>
  
  </body>
  </html>
  '''
# ---
